// Jest Snapshot v1, https://goo.gl/fbAQLP

exports[`TriangleUp component should be correctly rendered 1`] = `
<div
  className="triangle"
  style={
    {
      "borderBottom": "40px solid black",
      "borderLeft": "80px solid transparent",
      "borderRight": "80px solid transparent",
      "height": "0",
      "width": "0",
    }
  }
/>
`;
