// Jest Snapshot v1, https://goo.gl/fbAQLP

exports[`TriangleRight component should be correctly rendered 1`] = `
<div
  className="triangle"
  style={
    Object {
      "borderBottom": "80px solid transparent",
      "borderLeft": "40px solid black",
      "borderTop": "80px solid transparent",
      "height": "0",
      "width": "0",
    }
  }
/>
`;
