// Jest Snapshot v1, https://goo.gl/fbAQLP

exports[`TriangleDown component should be correctly rendered 1`] = `
<div
  className="triangle"
  style={
    {
      "borderLeft": "80px solid transparent",
      "borderRight": "80px solid transparent",
      "borderTop": "40px solid black",
      "height": "0",
      "width": "0",
    }
  }
/>
`;
